ASxxxx Linker V03.00/V05.40 + sdld,  page 1.
Hexadecimal  [32-Bits]

Area                                    Addr        Size        Decimal Bytes (Attributes)
--------------------------------        ----        ----        ------- ----- ------------
.  .ABS.                            00000000    00000000 =           0. bytes (ABS,CON)

      Value  Global                              Global Defined In Module
      -----  --------------------------------   ------------------------
     00000000  .__.ABS.                           
     00000000  _rRAMG                             
     00000000  l__BASE                         
     00000000  l__BSS                          
     00000000  l__CABS                         
     00000000  l__CODE_0                       
     00000000  l__CRASH_HEADER                 
     00000000  l__CRASH_SCRATCH                
     00000000  l__DABS                         
     00000000  l__HEADER                       
     00000000  l__HEADER_LCD                   
     00000000  l__HEADER_SIO                   
     00000000  l__HEADER_TIMER                 
     00000000  l__HEAP                         
     00000000  l__HEAP_END                     
     00000000  l__HRAM                         
     00000000  l__LIT                          
     00000000  s__CABS                         
     00000000  s__CRASH_HEADER                 
     00000000  s__CRASH_HEADER0                
     00000000  s__CRASH_HEADER1                
     00000000  s__CRASH_SCRATCH                
     00000000  s__CRASH_SCRATCH2               
     00000000  s__DABS                         
     00000000  s__HEADER                       
     00000000  s__HEADER0                      
     00000000  s__HEADER1                      
     00000000  s__HEADER10                     
     00000000  s__HEADER11                     
     00000000  s__HEADER2                      
     00000000  s__HEADER3                      
     00000000  s__HEADER4                      
     00000000  s__HEADER5                      
     00000000  s__HEADER6                      
     00000000  s__HEADER7                      
     00000000  s__HEADER8                      
     00000000  s__HEADER9                      
     00000000  s__HEADER_LCD                   
     00000000  s__HEADER_LCD0                  
     00000000  s__HEADER_SIO                   
     00000000  s__HEADER_SIO0                  
     00000000  s__HEADER_TIMER                 
     00000000  s__HEADER_TIMER0                
     00000000  s__HEADERa                      
     00000000  s__HEADERb                      
     00000000  s__HEADERc                      
     00000000  s__HEADERd                      
     00000000  s__HEADERe                      
     00000000  s__HEADERf                      
     00000000  s__HRAM                         
ASxxxx Linker V03.00/V05.40 + sdld,  page 2.
Hexadecimal  [32-Bits]

Area                                    Addr        Size        Decimal Bytes (Attributes)
--------------------------------        ----        ----        ------- ----- ------------
.  .ABS.                            00000000    00000000 =           0. bytes (ABS,CON)

      Value  Global                              Global Defined In Module
      -----  --------------------------------   ------------------------
     00000000  s__HRAM12                       
     00000001  ___bank_ACTOR                      actor
     00000001  ___bank_VM_ACTOR                   vm_actor
     00000001  ___bank_VM_SGB                     vm_sgb
     00000001  ___bank_trigger_5_interact         trigger_5_interact
     00000001  b_activate_actor                   actor
     00000001  b_activate_actors_in_col           actor
     00000001  b_activate_actors_in_row           actor
     00000001  b_actor_at_tile                    actor
     00000001  b_actor_get_frame_offset           actor
     00000001  b_actor_in_front_of_player         actor
     00000001  b_actor_overlapping_bb             actor
     00000001  b_actor_overlapping_player         actor
     00000001  b_actor_set_anim_idle              actor
     00000001  b_actor_set_anim_moving            actor
     00000001  b_actor_set_dir                    actor
     00000001  b_actor_set_frame_offset           actor
     00000001  b_actor_set_frames                 actor
     00000001  b_actors_handle_player_collision   actor
     00000001  b_actors_init                      actor
     00000001  b_check_collision_in_direction     actor
     00000001  b_deactivate_actor                 actor
     00000001  b_do_load_palette                  data_manager
     00000001  b_load_background                  data_manager
     00000001  b_load_bkg_tileset                 data_manager
     00000001  b_load_bounds                      data_manager
     00000001  b_load_emote                       data_manager
     00000001  b_load_init                        data_manager
     00000001  b_load_player                      data_manager
     00000001  b_load_scene                       data_manager
     00000001  b_load_sprite                      data_manager
     00000001  b_player_init                      actor
     00000001  b_ui_draw_frame                    ui
     00000001  b_ui_draw_text_buffer_char         ui
     00000001  b_ui_init                          ui
     00000001  b_ui_load_tiles                    ui
     00000001  b_ui_run_menu                      ui
     00000001  b_ui_run_modal                     ui
     00000001  b_ui_set_start_tile                ui
     00000001  b_vm_actor_activate                vm_actor
     00000001  b_vm_actor_begin_update            vm_actor
     00000001  b_vm_actor_deactivate              vm_actor
     00000001  b_vm_actor_emote                   vm_actor
     00000001  b_vm_actor_get_angle               vm_actor
     00000001  b_vm_actor_get_anim_frame          vm_actor
     00000001  b_vm_actor_get_dir                 vm_actor
     00000001  b_vm_actor_get_pos                 vm_actor
     00000001  b_vm_actor_move_cancel             vm_actor
     00000001  b_vm_actor_move_to                 vm_actor
     00000001  b_vm_actor_replace_tile            vm_actor
     00000001  b_vm_actor_set_anim                vm_actor
ASxxxx Linker V03.00/V05.40 + sdld,  page 3.
Hexadecimal  [32-Bits]

Area                                    Addr        Size        Decimal Bytes (Attributes)
--------------------------------        ----        ----        ------- ----- ------------
.  .ABS.                            00000000    00000000 =           0. bytes (ABS,CON)

      Value  Global                              Global Defined In Module
      -----  --------------------------------   ------------------------
     00000001  b_vm_actor_set_anim_frame          vm_actor
     00000001  b_vm_actor_set_anim_set            vm_actor
     00000001  b_vm_actor_set_anim_tick           vm_actor
     00000001  b_vm_actor_set_bounds              vm_actor
     00000001  b_vm_actor_set_dir                 vm_actor
     00000001  b_vm_actor_set_flags               vm_actor
     00000001  b_vm_actor_set_move_speed          vm_actor
     00000001  b_vm_actor_set_pos                 vm_actor
     00000001  b_vm_actor_set_spritesheet         vm_actor
     00000001  b_vm_actor_set_spritesheet_by_re   vm_actor
     00000001  b_vm_actor_terminate_update        vm_actor
     00000001  l__GSFINAL                      
     00000001  l__HEADER0                      
     00000001  l__HEADER5                      
     00000001  l__HEADERa                      
     00000001  l__HEADERb                      
     00000001  l__HEADERc                      
     00000001  l__HEADERe                      
     00000001  l__HEADERf                      
     00000002  ___bank_VM_MAIN                    vm
     00000002  ___bank_bg_creds_tileset           bg_creds_tileset
     00000002  ___bank_bg_logo_tileset            bg_logo_tileset
     00000002  ___bank_font_gbs_variable_width    font_gbs_variable_width
     00000002  ___bank_palette_0                  palette_0
     00000002  ___bank_palette_1                  palette_1
     00000002  ___bank_scene_13_init              scene_13_init
     00000002  ___mute_mask_sound_click_vgm       sound_click_vgm
     00000002  ___mute_mask_sound_powerup_vgm     sound_powerup_vgm
     00000002  b_script_detach_hthread            vm
     00000002  b_script_execute                   vm
     00000002  b_script_runner_init               vm
     00000002  b_script_terminate                 vm
     00000002  b_topdown_init                     topdown
     00000002  b_topdown_update                   topdown
     00000002  b_vm_call                          vm
     00000002  b_vm_call_far                      vm
     00000002  b_vm_get_indirect                  vm
     00000002  b_vm_get_tlocal                    vm
     00000002  b_vm_idle                          vm
     00000002  b_vm_if                            vm
     00000002  b_vm_if_const                      vm
     00000002  b_vm_init_rng                      vm
     00000002  b_vm_invoke                        vm
     00000002  b_vm_join                          vm
     00000002  b_vm_jump                          vm
     00000002  b_vm_lock                          vm
     00000002  b_vm_loop                          vm
     00000002  b_vm_memcpy                        vm
     00000002  b_vm_memset                        vm
     00000002  b_vm_poll_loaded                   vm
     00000002  b_vm_pop                           vm
ASxxxx Linker V03.00/V05.40 + sdld,  page 4.
Hexadecimal  [32-Bits]

Area                                    Addr        Size        Decimal Bytes (Attributes)
--------------------------------        ----        ----        ------- ----- ------------
.  .ABS.                            00000000    00000000 =           0. bytes (ABS,CON)

      Value  Global                              Global Defined In Module
      -----  --------------------------------   ------------------------
     00000002  b_vm_push                          vm
     00000002  b_vm_push_reference                vm
     00000002  b_vm_push_value                    vm
     00000002  b_vm_push_value_ind                vm
     00000002  b_vm_raise                         vm
     00000002  b_vm_rand                          vm
     00000002  b_vm_reserve                       vm
     00000002  b_vm_ret                           vm
     00000002  b_vm_ret_far                       vm
     00000002  b_vm_set                           vm
     00000002  b_vm_set_const                     vm
     00000002  b_vm_set_indirect                  vm
     00000002  b_vm_terminate                     vm
     00000002  b_vm_test_terminate                vm
     00000002  b_vm_unlock                        vm
     00000002  b_wait_frames                      vm
     00000002  l__HEADER10                     
     00000002  l__HEADER6                      
     00000002  l__HEADERd                      
     00000003  ___bank_bg_0_sel_tileset           bg_0_sel_tileset
     00000003  ___bank_bg_magnet_mike_title_til   bg_magnet_mike_title_tileset
     00000003  ___bank_script_engine_init         
     00000003  ___bank_song_level_bgm_1_Data      song_level_bgm_1_Data
     00000003  ___bank_song_level_bgm_2_Data      song_level_bgm_2_Data
     00000003  ___bank_song_stage_music_a_copy_   song_stage_music_a_copy_Data
     00000003  ___bank_song_title_theme_Data      song_title_theme_Data
     00000003  b_scroll_init                      scroll
     00000003  b_scroll_repaint                   scroll
     00000003  b_scroll_reset                     scroll
     00000003  b_scroll_update                    scroll
     00000003  l__HEADER9                      
     00000003  l__HEADER_LCD0                  
     00000003  l__HRAM12                       
     00000004  ___bank_actor_100_interact         actor_100_interact
     00000004  ___bank_actor_10_interact          actor_10_interact
     00000004  ___bank_actor_11_interact          actor_11_interact
     00000004  ___bank_actor_12_interact          actor_12_interact
     00000004  ___bank_actor_13_interact          actor_13_interact
     00000004  ___bank_actor_14_interact          actor_14_interact
     00000004  ___bank_actor_22_interact          actor_22_interact
     00000004  ___bank_actor_23_interact          actor_23_interact
     00000004  ___bank_actor_24_interact          actor_24_interact
     00000004  ___bank_scene_logo_init            scene_logo_init
     00000004  b_data_clear                       load_save
     00000004  b_data_init                        load_save
     00000004  b_data_load                        load_save
     00000004  b_data_peek                        load_save
     00000004  b_data_save                        load_save
     00000004  l__CRASH_HEADER1                
     00000004  l__HEADER_SIO0                  
     00000004  l__HEADER_TIMER0                
ASxxxx Linker V03.00/V05.40 + sdld,  page 5.
Hexadecimal  [32-Bits]

Area                                    Addr        Size        Decimal Bytes (Attributes)
--------------------------------        ----        ----        ------- ----- ------------
.  .ABS.                            00000000    00000000 =           0. bytes (ABS,CON)

      Value  Global                              Global Defined In Module
      -----  --------------------------------   ------------------------
     00000005  ___bank_VM_CAMERA                  vm_camera
     00000005  ___bank_actor_25_interact          actor_25_interact
     00000005  ___bank_actor_26_interact          actor_26_interact
     00000005  ___bank_actor_27_interact          actor_27_interact
     00000005  ___bank_actor_28_interact          actor_28_interact
     00000005  ___bank_actor_34_interact          actor_34_interact
     00000005  ___bank_actor_35_interact          actor_35_interact
     00000005  ___bank_actor_36_interact          actor_36_interact
     00000005  ___bank_actor_48_interact          actor_48_interact
     00000005  ___bank_actor_49_interact          actor_49_interact
     00000005  ___bank_sound_powerup_vgm          sound_powerup_vgm
     00000005  b_camera_shake_frames              vm_camera
     00000005  b_vm_camera_move_to                vm_camera
     00000005  b_vm_camera_set_pos                vm_camera
     00000005  l__CRASH_HEADER0                
     00000005  l__HEADER1                      
     00000006  ___bank_actor_50_interact          actor_50_interact
     00000006  ___bank_actor_51_interact          actor_51_interact
     00000006  ___bank_actor_56_interact          actor_56_interact
     00000006  ___bank_actor_57_interact          actor_57_interact
     00000006  ___bank_actor_58_interact          actor_58_interact
     00000006  ___bank_actor_59_interact          actor_59_interact
     00000006  ___bank_actor_60_interact          actor_60_interact
     00000006  ___bank_actor_66_interact          actor_66_interact
     00000006  ___bank_actor_6_interact           actor_6_interact
     00000006  ___bank_script_input_0             script_input_0
     00000006  b_core_reset                       core
     00000006  b_core_run                         core
     00000006  l__HEADER8                      
     00000007  ___bank_actor_67_interact          actor_67_interact
     00000007  ___bank_actor_71_interact          actor_71_interact
     00000007  ___bank_actor_72_interact          actor_72_interact
     00000007  ___bank_actor_73_interact          actor_73_interact
     00000007  ___bank_actor_74_interact          actor_74_interact
     00000007  ___bank_actor_75_interact          actor_75_interact
     00000007  ___bank_actor_7_interact           actor_7_interact
     00000007  ___bank_actor_80_interact          actor_80_interact
     00000007  ___bank_actor_81_interact          actor_81_interact
     00000007  ___bank_trigger_4_interact         trigger_4_interact
     00000007  b_trigger_activate_at              trigger
     00000007  b_trigger_activate_at_intersecti   trigger
     00000007  b_trigger_at_intersection          trigger
     00000007  b_trigger_at_tile                  trigger
     00000007  b_trigger_interact                 trigger
     00000007  b_trigger_reset                    trigger
     00000007  l__HEADER2                      
     00000008  ___bank_VM_GBPRINTER               vm_gbprinter
     00000008  ___bank_VM_UI                      vm_ui
     00000008  ___bank_actor_82_interact          actor_82_interact
     00000008  ___bank_actor_89_interact          actor_89_interact
     00000008  ___bank_actor_90_interact          actor_90_interact
ASxxxx Linker V03.00/V05.40 + sdld,  page 6.
Hexadecimal  [32-Bits]

Area                                    Addr        Size        Decimal Bytes (Attributes)
--------------------------------        ----        ----        ------- ----- ------------
.  .ABS.                            00000000    00000000 =           0. bytes (ABS,CON)

      Value  Global                              Global Defined In Module
      -----  --------------------------------   ------------------------
     00000008  ___bank_actor_91_interact          actor_91_interact
     00000008  ___bank_actor_97_interact          actor_97_interact
     00000008  ___bank_actor_98_interact          actor_98_interact
     00000008  ___bank_actor_99_interact          actor_99_interact
     00000008  ___bank_actor_9_interact           actor_9_interact
     00000008  b_camera_init                      camera
     00000008  b_projectile_launch                projectiles
     00000008  b_projectiles_init                 projectiles
     00000008  b_vm_choice                        vm_ui
     00000008  b_vm_display_text                  vm_ui
     00000008  b_vm_overlay_clear                 vm_ui
     00000008  b_vm_overlay_move_to               vm_ui
     00000008  b_vm_overlay_scroll                vm_ui
     00000008  b_vm_overlay_set_map               vm_ui
     00000008  b_vm_overlay_set_scroll            vm_ui
     00000008  b_vm_overlay_set_submap            vm_ui
     00000008  b_vm_overlay_set_submap_ex         vm_ui
     00000008  b_vm_overlay_setpos                vm_ui
     00000008  b_vm_overlay_show                  vm_ui
     00000008  b_vm_overlay_wait                  vm_ui
     00000008  b_vm_print_detect                  vm_gbprinter
     00000008  b_vm_print_overlay                 vm_gbprinter
     00000008  b_vm_set_font                      vm_ui
     00000008  b_vm_set_text_sound                vm_ui
     00000008  b_vm_switch_text_layer             vm_ui
     00000008  l__HEADER3                      
     00000009  ___bank_VM_GAMEBOY                 vm_gameboy
     00000009  ___bank_VM_SIO                     vm_sio
     00000009  ___bank_bg_11_tiles_tileset        bg_11_tiles_tileset
     00000009  ___bank_bg_12_tiles_tileset        bg_12_tiles_tileset
     00000009  ___bank_bg_1_tileset               bg_1_tileset
     00000009  ___bank_bg_2_tiles_export_tilese   bg_2_tiles_export_tileset
     00000009  ___bank_bg_3_tiles_tileset         bg_3_tiles_tileset
     00000009  ___bank_bg_4_tiles_tileset         bg_4_tiles_tileset
     00000009  ___bank_bg_5_tiles_tileset         bg_5_tiles_tileset
     00000009  ___bank_bg_6_tiles_tileset         bg_6_tiles_tileset
     00000009  ___bank_bg_7_tiles_tileset         bg_7_tiles_tileset
     00000009  ___bank_bg_8_tiles_tileset         bg_8_tiles_tileset
     00000009  ___bank_bg_9_tiles_tileset         bg_9_tiles_tileset
     00000009  ___bank_scene_13_actors            scene_13_actors
     00000009  ___bank_scene_6_init               scene_6_init
     00000009  ___bank_scene_9_init               scene_9_init
     00000009  ___bank_song_victory_theme_1__Da   song_victory_theme_1__Data
     00000009  b___HandleCrash_banked             
     00000009  b_atan2                            math_atan2
     00000009  b_gbprinter_detect                 gbprinter
     00000009  b_gbprinter_print_overlay          gbprinter
     00000009  b_pointnclick_init                 pointnclick
     00000009  b_pointnclick_update               pointnclick
     00000009  b_vm_context_prepare               vm_gameboy
     00000009  b_vm_fade                          vm_gameboy
ASxxxx Linker V03.00/V05.40 + sdld,  page 7.
Hexadecimal  [32-Bits]

Area                                    Addr        Size        Decimal Bytes (Attributes)
--------------------------------        ----        ----        ------- ----- ------------
.  .ABS.                            00000000    00000000 =           0. bytes (ABS,CON)

      Value  Global                              Global Defined In Module
      -----  --------------------------------   ------------------------
     00000009  b_vm_get_tile_xy                   vm_gameboy
     00000009  b_vm_input_attach                  vm_gameboy
     00000009  b_vm_input_detach                  vm_gameboy
     00000009  b_vm_input_get                     vm_gameboy
     00000009  b_vm_input_wait                    vm_gameboy
     00000009  b_vm_load_tileset                  vm_gameboy
     00000009  b_vm_poll                          vm_gameboy
     00000009  b_vm_replace_tile                  vm_gameboy
     00000009  b_vm_replace_tile_xy               vm_gameboy
     00000009  b_vm_rumble                        vm_gameboy
     00000009  b_vm_set_sprite_mode               vm_gameboy
     00000009  b_vm_set_sprites_visible           vm_gameboy
     00000009  b_vm_sio_exchange                  vm_sio
     00000009  b_vm_sio_set_mode                  vm_sio
     00000009  b_vm_timer_prepare                 vm_gameboy
     00000009  b_vm_timer_reset                   vm_gameboy
     00000009  b_vm_timer_set                     vm_gameboy
     00000009  b_vm_timer_stop                    vm_gameboy
     0000000A  ___bank_VM_PROJECTILE              vm_projectiles
     0000000A  ___bank_bg_0_sel_tilemap           bg_0_sel_tilemap
     0000000A  ___bank_bg_10_tiles_tilemap        bg_10_tiles_tilemap
     0000000A  ___bank_bg_10_tiles_tileset        bg_10_tiles_tileset
     0000000A  ___bank_bg_11_tiles_tilemap        bg_11_tiles_tilemap
     0000000A  ___bank_bg_12_tiles_tilemap        bg_12_tiles_tilemap
     0000000A  ___bank_bg_1_tilemap               bg_1_tilemap
     0000000A  ___bank_bg_2_tiles_export_tilema   bg_2_tiles_export_tilemap
     0000000A  ___bank_bg_3_tiles_tilemap         bg_3_tiles_tilemap
     0000000A  ___bank_bg_4_tiles_tilemap         bg_4_tiles_tilemap
     0000000A  ___bank_bg_5_tiles_tilemap         bg_5_tiles_tilemap
     0000000A  ___bank_bg_6_tiles_tilemap         bg_6_tiles_tilemap
     0000000A  ___bank_bg_7_tiles_tilemap         bg_7_tiles_tilemap
     0000000A  ___bank_bg_8_tiles_tilemap         bg_8_tiles_tilemap
     0000000A  ___bank_bg_9_tiles_tilemap         bg_9_tiles_tilemap
     0000000A  ___bank_bg_creds_tilemap           bg_creds_tilemap
     0000000A  ___bank_bg_logo_tilemap            bg_logo_tilemap
     0000000A  ___bank_bg_magnet_mike_title_til   bg_magnet_mike_title_tilemap
     0000000A  ___bank_scene_0_actors             scene_0_actors
     0000000A  ___bank_scene_0_collisions         scene_0_collisions
     0000000A  ___bank_scene_10_actors            scene_10_actors
     0000000A  ___bank_scene_10_collisions        scene_10_collisions
     0000000A  ___bank_scene_11_actors            scene_11_actors
     0000000A  ___bank_scene_11_collisions        scene_11_collisions
     0000000A  ___bank_scene_12_actors            scene_12_actors
     0000000A  ___bank_scene_12_collisions        scene_12_collisions
     0000000A  ___bank_scene_13_collisions        scene_13_collisions
     0000000A  ___bank_scene_14_actors            scene_14_actors
     0000000A  ___bank_scene_14_collisions        scene_14_collisions
     0000000A  ___bank_scene_15_collisions        scene_15_collisions
     0000000A  ___bank_scene_16_actors            scene_16_actors
     0000000A  ___bank_scene_16_collisions        scene_16_collisions
     0000000A  ___bank_scene_17_actors            scene_17_actors
ASxxxx Linker V03.00/V05.40 + sdld,  page 8.
Hexadecimal  [32-Bits]

Area                                    Addr        Size        Decimal Bytes (Attributes)
--------------------------------        ----        ----        ------- ----- ------------
.  .ABS.                            00000000    00000000 =           0. bytes (ABS,CON)

      Value  Global                              Global Defined In Module
      -----  --------------------------------   ------------------------
     0000000A  ___bank_scene_17_collisions        scene_17_collisions
     0000000A  ___bank_scene_19_actors            scene_19_actors
     0000000A  ___bank_scene_19_collisions        scene_19_collisions
     0000000A  ___bank_scene_6_actors             scene_6_actors
     0000000A  ___bank_scene_7_actors             scene_7_actors
     0000000A  ___bank_scene_9_actors             scene_9_actors
     0000000A  ___bank_sprite_spritesheet_4_9_2   sprite_spritesheet_4_9_25_1_
     0000000A  b_fade_applypalettechange          fade_manager
     0000000A  b_fade_in                          fade_manager
     0000000A  b_fade_in_modal                    fade_manager
     0000000A  b_fade_init                        fade_manager
     0000000A  b_fade_out                         fade_manager
     0000000A  b_fade_out_modal                   fade_manager
     0000000A  b_fade_setspeed                    fade_manager
     0000000A  b_fade_update                      fade_manager
     0000000A  b_set_sgb_border                   sgb_border
     0000000A  b_vm_projectile_launch             vm_projectiles
     0000000A  b_vm_projectile_load_type          vm_projectiles
     0000000B  ___bank_VM_LOAD_SAVE               vm_load_save
     0000000B  ___bank_VM_MATH                    vm_math
     0000000B  ___bank_VM_MUSIC                   vm_music
     0000000B  ___bank_VM_PALETTE                 vm_palette
     0000000B  ___bank_VM_RTC                     vm_rtc
     0000000B  ___bank_VM_SCENE                   vm_scene
     0000000B  ___bank_actor_0_update             actor_0_update
     0000000B  ___bank_actor_17_update            actor_17_update
     0000000B  ___bank_actor_21_update            actor_21_update
     0000000B  ___bank_actor_33_update            actor_33_update
     0000000B  ___bank_actor_3_update             actor_3_update
     0000000B  ___bank_actor_43_update            actor_43_update
     0000000B  ___bank_actor_54_update            actor_54_update
     0000000B  ___bank_actor_63_update            actor_63_update
     0000000B  ___bank_actor_70_update            actor_70_update
     0000000B  ___bank_actor_79_update            actor_79_update
     0000000B  ___bank_actor_83_update            actor_83_update
     0000000B  ___bank_actor_92_update            actor_92_update
     0000000B  ___bank_frame_image                frame_image
     0000000B  ___bank_scene_0                    scene_0
     0000000B  ___bank_scene_0_init               scene_0_init
     0000000B  ___bank_scene_10                   scene_10
     0000000B  ___bank_scene_10_init              scene_10_init
     0000000B  ___bank_scene_11                   scene_11
     0000000B  ___bank_scene_11_init              scene_11_init
     0000000B  ___bank_scene_12                   scene_12
     0000000B  ___bank_scene_12_init              scene_12_init
     0000000B  ___bank_scene_13                   scene_13
     0000000B  ___bank_scene_14                   scene_14
     0000000B  ___bank_scene_14_init              scene_14_init
     0000000B  ___bank_scene_15                   scene_15
     0000000B  ___bank_scene_15_init              scene_15_init
     0000000B  ___bank_scene_16                   scene_16
ASxxxx Linker V03.00/V05.40 + sdld,  page 9.
Hexadecimal  [32-Bits]

Area                                    Addr        Size        Decimal Bytes (Attributes)
--------------------------------        ----        ----        ------- ----- ------------
.  .ABS.                            00000000    00000000 =           0. bytes (ABS,CON)

      Value  Global                              Global Defined In Module
      -----  --------------------------------   ------------------------
     0000000B  ___bank_scene_16_init              scene_16_init
     0000000B  ___bank_scene_17                   scene_17
     0000000B  ___bank_scene_17_init              scene_17_init
     0000000B  ___bank_scene_19                   scene_19
     0000000B  ___bank_scene_19_init              scene_19_init
     0000000B  ___bank_scene_6                    scene_6
     0000000B  ___bank_scene_6_collisions         scene_6_collisions
     0000000B  ___bank_scene_7                    scene_7
     0000000B  ___bank_scene_7_collisions         scene_7_collisions
     0000000B  ___bank_scene_7_init               scene_7_init
     0000000B  ___bank_scene_8                    scene_8
     0000000B  ___bank_scene_8_collisions         scene_8_collisions
     0000000B  ___bank_scene_8_init               scene_8_init
     0000000B  ___bank_scene_8_triggers           scene_8_triggers
     0000000B  ___bank_scene_9                    scene_9
     0000000B  ___bank_scene_9_collisions         scene_9_collisions
     0000000B  ___bank_scene_logo                 scene_logo
     0000000B  ___bank_scene_logo_collisions      scene_logo_collisions
     0000000B  ___bank_scene_title_screen         scene_title_screen
     0000000B  ___bank_scene_title_screen_colli   scene_title_screen_collision
     0000000B  ___bank_scene_title_screen_init    scene_title_screen_init
     0000000B  ___bank_script_input               script_input
     0000000B  ___bank_script_input_1             script_input_1
     0000000B  ___bank_script_input_10            script_input_10
     0000000B  ___bank_script_input_13            script_input_13
     0000000B  ___bank_script_input_14            script_input_14
     0000000B  ___bank_script_input_17            script_input_17
     0000000B  ___bank_script_input_18            script_input_18
     0000000B  ___bank_script_input_2             script_input_2
     0000000B  ___bank_script_input_21            script_input_21
     0000000B  ___bank_script_input_22            script_input_22
     0000000B  ___bank_script_input_25            script_input_25
     0000000B  ___bank_script_input_26            script_input_26
     0000000B  ___bank_script_input_29            script_input_29
     0000000B  ___bank_script_input_30            script_input_30
     0000000B  ___bank_script_input_33            script_input_33
     0000000B  ___bank_script_input_34            script_input_34
     0000000B  ___bank_script_input_37            script_input_37
     0000000B  ___bank_script_input_38            script_input_38
     0000000B  ___bank_script_input_41            script_input_41
     0000000B  ___bank_script_input_42            script_input_42
     0000000B  ___bank_script_input_45            script_input_45
     0000000B  ___bank_script_input_46            script_input_46
     0000000B  ___bank_script_input_5             script_input_5
     0000000B  ___bank_script_input_6             script_input_6
     0000000B  ___bank_script_input_9             script_input_9
     0000000B  ___bank_sprite_bullet              sprite_bullet
     0000000B  ___bank_sprite_cursor              sprite_cursor
     0000000B  ___bank_sprite_cursor_tileset      sprite_cursor_tileset
     0000000B  ___bank_sprite_negative_crate      sprite_negative_crate
     0000000B  ___bank_sprite_obj_neg_1           sprite_obj_neg_1
ASxxxx Linker V03.00/V05.40 + sdld,  page 10.
Hexadecimal  [32-Bits]

Area                                    Addr        Size        Decimal Bytes (Attributes)
--------------------------------        ----        ----        ------- ----- ------------
.  .ABS.                            00000000    00000000 =           0. bytes (ABS,CON)

      Value  Global                              Global Defined In Module
      -----  --------------------------------   ------------------------
     0000000B  ___bank_sprite_obj_neg_2           sprite_obj_neg_2
     0000000B  ___bank_sprite_obj_pos_1           sprite_obj_pos_1
     0000000B  ___bank_sprite_obj_pos_1_tileset   sprite_obj_pos_1_tileset
     0000000B  ___bank_sprite_obj_pos_2           sprite_obj_pos_2
     0000000B  ___bank_sprite_obj_pos_2_tileset   sprite_obj_pos_2_tileset
     0000000B  ___bank_sprite_positive_crate      sprite_positive_crate
     0000000B  ___bank_sprite_positive_crate_ti   sprite_positive_crate_tilese
     0000000B  ___bank_sprite_spritesheet_4_9_2   sprite_spritesheet_4_9_25_1
     0000000B  ___bank_tileset_default_frame      tileset_default_frame
     0000000B  ___bank_trigger_0_interact         trigger_0_interact
     0000000B  ___bank_trigger_10_interact        trigger_10_interact
     0000000B  ___bank_trigger_11_interact        trigger_11_interact
     0000000B  ___bank_trigger_1_interact         trigger_1_interact
     0000000B  ___bank_trigger_2_interact         trigger_2_interact
     0000000B  ___bank_trigger_3_interact         trigger_3_interact
     0000000B  ___bank_trigger_6_interact         trigger_6_interact
     0000000B  ___bank_trigger_7_interact         trigger_7_interact
     0000000B  ___bank_trigger_8_interact         trigger_8_interact
     0000000B  ___bank_trigger_9_interact         trigger_9_interact
     0000000B  b_erase_flash                      
     0000000B  b_events_init                      events
     0000000B  b_itoa_fmt                         vm_ui_a
     0000000B  b_music_events_poll                music_manager
     0000000B  b_music_init_driver                music_manager
     0000000B  b_music_init_events                music_manager
     0000000B  b_remove_LCD_ISRs                  interrupts
     0000000B  b_restore_sram                     flasher
     0000000B  b_restore_sram_bank                flasher
     0000000B  b_save_sram                        flasher
     0000000B  b_save_sram_banks                  
     0000000B  b_scroll_rect                      
     0000000B  b_timers_init                      events
     0000000B  b_vm_cos_scale                     vm_math
     0000000B  b_vm_load_palette                  vm_palette
     0000000B  b_vm_music_mute                    vm_music
     0000000B  b_vm_music_play                    vm_music
     0000000B  b_vm_music_routine                 vm_music
     0000000B  b_vm_music_setpos                  vm_music
     0000000B  b_vm_music_stop                    vm_music
     0000000B  b_vm_rtc_get                       vm_rtc
     0000000B  b_vm_rtc_latch                     vm_rtc
     0000000B  b_vm_rtc_set                       vm_rtc
     0000000B  b_vm_rtc_start                     vm_rtc
     0000000B  b_vm_save_clear                    vm_load_save
     0000000B  b_vm_save_peek                     vm_load_save
     0000000B  b_vm_scene_pop                     vm_scene
     0000000B  b_vm_scene_pop_all                 vm_scene
     0000000B  b_vm_scene_push                    vm_scene
     0000000B  b_vm_scene_stack_reset             vm_scene
     0000000B  b_vm_sfx_play                      vm_music
     0000000B  b_vm_sin_scale                     vm_math
ASxxxx Linker V03.00/V05.40 + sdld,  page 11.
Hexadecimal  [32-Bits]

Area                                    Addr        Size        Decimal Bytes (Attributes)
--------------------------------        ----        ----        ------- ----- ------------
.  .ABS.                            00000000    00000000 =           0. bytes (ABS,CON)

      Value  Global                              Global Defined In Module
      -----  --------------------------------   ------------------------
     0000000B  b_vm_sound_mastervol               vm_music
     0000000C  ___bank_bg_0_sel                   bg_0_sel
     0000000C  ___bank_bg_1                       bg_1
     0000000C  ___bank_bg_10_tiles                bg_10_tiles
     0000000C  ___bank_bg_11_tiles                bg_11_tiles
     0000000C  ___bank_bg_12_tiles                bg_12_tiles
     0000000C  ___bank_bg_2_tiles_export          bg_2_tiles_export
     0000000C  ___bank_bg_3_tiles                 bg_3_tiles
     0000000C  ___bank_bg_4_tiles                 bg_4_tiles
     0000000C  ___bank_bg_5_tiles                 bg_5_tiles
     0000000C  ___bank_bg_6_tiles                 bg_6_tiles
     0000000C  ___bank_bg_7_tiles                 bg_7_tiles
     0000000C  ___bank_bg_8_tiles                 bg_8_tiles
     0000000C  ___bank_bg_9_tiles                 bg_9_tiles
     0000000C  ___bank_bg_creds                   bg_creds
     0000000C  ___bank_bg_logo                    bg_logo
     0000000C  ___bank_bg_magnet_mike_title       bg_magnet_mike_title
     0000000C  ___bank_bootstrap_script           
     0000000C  ___bank_cursor_image               cursor_image
     0000000C  ___bank_scene_0_projectiles        scene_0_projectiles
     0000000C  ___bank_scene_0_sprites            scene_0_sprites
     0000000C  ___bank_scene_10_projectiles       scene_10_projectiles
     0000000C  ___bank_scene_10_sprites           scene_10_sprites
     0000000C  ___bank_scene_11_projectiles       scene_11_projectiles
     0000000C  ___bank_scene_11_sprites           scene_11_sprites
     0000000C  ___bank_scene_12_projectiles       scene_12_projectiles
     0000000C  ___bank_scene_12_sprites           scene_12_sprites
     0000000C  ___bank_scene_13_projectiles       scene_13_projectiles
     0000000C  ___bank_scene_13_sprites           scene_13_sprites
     0000000C  ___bank_scene_14_projectiles       scene_14_projectiles
     0000000C  ___bank_scene_14_sprites           scene_14_sprites
     0000000C  ___bank_scene_16_projectiles       scene_16_projectiles
     0000000C  ___bank_scene_16_sprites           scene_16_sprites
     0000000C  ___bank_scene_17_projectiles       scene_17_projectiles
     0000000C  ___bank_scene_17_sprites           scene_17_sprites
     0000000C  ___bank_scene_19_projectiles       scene_19_projectiles
     0000000C  ___bank_scene_19_sprites           scene_19_sprites
     0000000C  ___bank_scene_6_projectiles        scene_6_projectiles
     0000000C  ___bank_scene_6_sprites            scene_6_sprites
     0000000C  ___bank_scene_7_projectiles        scene_7_projectiles
     0000000C  ___bank_scene_7_sprites            scene_7_sprites
     0000000C  ___bank_scene_9_projectiles        scene_9_projectiles
     0000000C  ___bank_scene_9_sprites            scene_9_sprites
     0000000C  ___bank_sound_click_vgm            sound_click_vgm
     0000000C  ___bank_sprite_11x2                sprite_11x2
     0000000C  ___bank_sprite_1x2                 sprite_1x2
     0000000C  ___bank_sprite_2x10                sprite_2x10
     0000000C  ___bank_sprite_2x12                sprite_2x12
     0000000C  ___bank_sprite_2x2                 sprite_2x2
     0000000C  ___bank_sprite_2x4                 sprite_2x4
     0000000C  ___bank_sprite_2x7                 sprite_2x7
ASxxxx Linker V03.00/V05.40 + sdld,  page 12.
Hexadecimal  [32-Bits]

Area                                    Addr        Size        Decimal Bytes (Attributes)
--------------------------------        ----        ----        ------- ----- ------------
.  .ABS.                            00000000    00000000 =           0. bytes (ABS,CON)

      Value  Global                              Global Defined In Module
      -----  --------------------------------   ------------------------
     0000000C  ___bank_sprite_2x8                 sprite_2x8
     0000000C  ___bank_sprite_3x2                 sprite_3x2
     0000000C  ___bank_sprite_3x8                 sprite_3x8
     0000000C  ___bank_sprite_4x2                 sprite_4x2
     0000000C  ___bank_sprite_4x4                 sprite_4x4
     0000000C  ___bank_sprite_7x2                 sprite_7x2
     0000000C  ___bank_sprite_8x2                 sprite_8x2
     0000000C  ___bank_sprite_bullet_tileset      sprite_bullet_tileset
     0000000C  ___bank_sprite_negative_crate_ti   sprite_negative_crate_tilese
     0000000C  ___bank_sprite_obj_neg_1_tileset   sprite_obj_neg_1_tileset
     0000000C  ___bank_sprite_obj_neg_2_tileset   sprite_obj_neg_2_tileset
     0000000C  ___bank_spritesheet_none           spritesheet_none
     0000000C  __start_save                    
     0000000C  b_SIO_init                         sio
     0000000C  b_input_init                       input
     0000000C  b_logo_init                        logo
     0000000C  b_logo_update                      logo
     0000000C  b_palette_init                     palette
     0000000C  b_parallax_init                    parallax
     00000019  l__INITIALIZED                  
     00000019  l__INITIALIZER                  
     00000027  l__GSINIT                       
     00000030  l__HEADER7                      
     00000060  l__HEADER4                      
     000000AB  l__HEADER11                     
     000001CB  l__CRASH_SCRATCH2               
     00000200  s__CODE                         
     000007E1  l__CODE_12                      
     00000E52  l__CODE                         
     00001052  s__HOME                         
     00001971  l__DATA                         
     00002000  _rROMB0                            
     00002D8E  l__HOME                         
     00003000  _rROMB1                            
     00003DE0  s__BASE                         
     00003DE0  s__CODE_0                       
     00003DE0  s__INITIALIZER                  
     00003DE0  s__LIT                          
     00003DF9  s__GSINIT                       
     00003E20  s__GSFINAL                      
     00003FF8  l__CODE_9                       
     00003FF9  l__CODE_10                      
     00003FFA  l__CODE_6                       
     00003FFC  l__CODE_2                       
     00003FFE  l__CODE_1                       
     00003FFE  l__CODE_8                       
     00003FFF  l__CODE_11                      
     00003FFF  l__CODE_4                       
     00003FFF  l__CODE_5                       
     00003FFF  l__CODE_7                       
     00004000  _RTC_SELECT_REG                    vm_rtc
ASxxxx Linker V03.00/V05.40 + sdld,  page 13.
Hexadecimal  [32-Bits]

Area                                    Addr        Size        Decimal Bytes (Attributes)
--------------------------------        ----        ----        ------- ----- ------------
.  .ABS.                            00000000    00000000 =           0. bytes (ABS,CON)

      Value  Global                              Global Defined In Module
      -----  --------------------------------   ------------------------
     00004000  _rRAMB                             
     00004000  l__CODE_3                       
     00006000  _RTC_LATCH_REG                     vm_rtc
     00008000  __VRAM                             
     00008000  __VRAM8000                         
     00008800  __VRAM8800                         
     00009000  __VRAM9000                         
     00009800  __SCRN0                            
     00009C00  __SCRN1                            
     0000A000  _RTC_VALUE_REG                     vm_rtc
     0000A000  __SRAM                             
     0000C000  __RAM                              
     0000C000  _shadow_OAM                     
     0000C0A0  s__DATA                         
     0000D000  __RAMBANK                          
     0000DA11  s__BSS                          
     0000DA11  s__INITIALIZED                  
     0000DA2A  s__HEAP                         
     0000DA2A  s__HEAP_END                     
     0000DF00  .STACK                          
     0000DF00  _shadow_OAM2                       absolute
     0000DFA0  _BkgPalette                        absolute
     0000DFE0  _vwf_tile_data                     absolute
     0000FE00  __OAMRAM                           
     0000FF00  _P1_REG                            
     0000FF00  __IO                               
     0000FF01  _SB_REG                            
     0000FF02  _SC_REG                            
     0000FF04  _DIV_REG                           
     0000FF05  _TIMA_REG                          
     0000FF06  _TMA_REG                           
     0000FF07  _TAC_REG                           
     0000FF0F  _IF_REG                            
     0000FF10  _NR10_REG                          
     0000FF11  _NR11_REG                          
     0000FF12  _NR12_REG                          
     0000FF13  _NR13_REG                          
     0000FF14  _NR14_REG                          
     0000FF16  _NR21_REG                          
     0000FF17  _NR22_REG                          
     0000FF18  _NR23_REG                          
     0000FF19  _NR24_REG                          
     0000FF1A  _NR30_REG                          
     0000FF1B  _NR31_REG                          
     0000FF1C  _NR32_REG                          
     0000FF1D  _NR33_REG                          
     0000FF1E  _NR34_REG                          
     0000FF20  _NR41_REG                          
     0000FF21  _NR42_REG                          
     0000FF22  _NR43_REG                          
     0000FF23  _NR44_REG                          
ASxxxx Linker V03.00/V05.40 + sdld,  page 14.
Hexadecimal  [32-Bits]

Area                                    Addr        Size        Decimal Bytes (Attributes)
--------------------------------        ----        ----        ------- ----- ------------
.  .ABS.                            00000000    00000000 =           0. bytes (ABS,CON)

      Value  Global                              Global Defined In Module
      -----  --------------------------------   ------------------------
     0000FF24  _NR50_REG                          
     0000FF25  _NR51_REG                          
     0000FF26  _NR52_REG                          
     0000FF30  _AUD3WAVE                          
     0000FF30  _PCM_SAMPLE                        
     0000FF30  __AUD3WAVERAM                      
     0000FF40  _LCDC_REG                          
     0000FF41  _STAT_REG                          
     0000FF42  _SCY_REG                           
     0000FF43  _SCX_REG                           
     0000FF44  _LY_REG                            
     0000FF45  _LYC_REG                           
     0000FF46  _DMA_REG                           
     0000FF47  _BGP_REG                           
     0000FF48  _OBP0_REG                          
     0000FF49  _OBP1_REG                          
     0000FF4A  _WY_REG                            
     0000FF4B  _WX_REG                            
     0000FF4D  _KEY1_REG                          
     0000FF4F  _VBK_REG                           
     0000FF51  _HDMA1_REG                         
     0000FF52  _HDMA2_REG                         
     0000FF53  _HDMA3_REG                         
     0000FF54  _HDMA4_REG                         
     0000FF55  _HDMA5_REG                         
     0000FF56  _RP_REG                            
     0000FF68  _BCPS_REG                          
     0000FF69  _BCPD_REG                          
     0000FF6A  _OCPS_REG                          
     0000FF6B  _OCPD_REG                          
     0000FF70  _SVBK_REG                          
     0000FF76  _PCM12_REG                         
     0000FF77  _PCM34_REG                         
     0000FF80  .refresh_OAM                    
     0000FF80  __HRAM                             
     0000FFFF  _IE_REG                            
     00014000  s__CODE_1                       
     00024000  s__CODE_2                       
     00034000  s__CODE_3                       
     00044000  s__CODE_4                       
     00054000  s__CODE_5                       
     00064000  s__CODE_6                       
     00074000  s__CODE_7                       
     00084000  s__CODE_8                       
     00094000  s__CODE_9                       
     000A4000  s__CODE_10                      
     000B4000  s__CODE_11                      
     000C4000  s__CODE_12                      

ASxxxx Linker V03.00/V05.40 + sdld,  page 15.
Hexadecimal  [32-Bits]

Area                                    Addr        Size        Decimal Bytes (Attributes)
--------------------------------        ----        ----        ------- ----- ------------
_CODE                               00000200    00000E52 =        3666. bytes (REL,CON)

      Value  Global                              Global Defined In Module
      -----  --------------------------------   ------------------------
     00000200  ___HandleCrash                     
     0000020A  _SIO_send_byte                     
     0000021D  _SIO_receive                       
     0000022E  _GetWinAddr                        
     00000236  _GetBkgAddr                        
     00000244  _state_init                        
     00000249  _state_update                      
     0000026B  _ui_time_masks                     
     00000273  _ui_print_shift_char               
     000002F6  _ui_draw_frame_row                 
     000002FF  .ui_draw_frame_row                 
     00000328  _script_cmds                       vm_instructions
     00000560  _save_signature                    game_signature
     00000564  _start_scene_x                     
     00000566  _start_scene_y                     
     00000568  _start_scene_dir                   
     00000569  _start_scene                       
     0000056C  _start_player_move_speed           
     0000056D  _start_player_anim_tick            
     0000056E  _ui_fonts                          
     00000571  _core_reset_hook                   main
     00000579  _main                              main
     00000581  _state_start_fns                   
     0000058A  _state_update_fns                  
     00000593  _hUGE_init                         hUGEDriver_obj
     00000595  hUGE_init                          hUGEDriver_obj
     000005EB  _hUGE_mute_channel                 hUGEDriver_obj
     000005ED  hUGE_mute_channel                  hUGEDriver_obj
     0000083B  _hUGE_set_position                 hUGEDriver_obj
     0000083D  hUGE_set_position                  hUGEDriver_obj
     00000A02  _hUGE_dosound                      hUGEDriver_obj
     00000A02  hUGE_dosound                       hUGEDriver_obj
     00000D2E  _get_vram_byte                     
     00000D36  _get_win_tile_xy                   
     00000D3E  _get_bkg_tile_xy                   
     00000D65  _hide_sprites_range                Metasprites
     00000D94  __mulsuchar                        mul
     00000D97  __muluschar                        mul
     00000DA0  __mulschar                         mul
     00000DA8  __mulint                           mul
     00000DC7  __muluchar                         mul
     00000DD9  _set_vram_byte                     
     00000DE2  _set_win_tile_xy                   
     00000DEB  _set_bkg_tile_xy                   
     00000E1A  .sgb_check                         
     00000E1A  _sgb_check                         
     00000E62  _sgb_transfer                      
     00000E67  .sgb_transfer                      
     00000EA8  .copy_vram                         
     00000EAE  _get_data                          
ASxxxx Linker V03.00/V05.40 + sdld,  page 16.
Hexadecimal  [32-Bits]

Area                                    Addr        Size        Decimal Bytes (Attributes)
--------------------------------        ----        ----        ------- ----- ------------
_CODE                               00000200    00000E52 =        3666. bytes (REL,CON)

      Value  Global                              Global Defined In Module
      -----  --------------------------------   ------------------------
     00000EAE  _set_data                          
     00000EAE  _vmemcpy                           
     00000EFC  ___move_metasprite                 Metasprites
     00000F39  ___memcpy                          
     00000F39  _memcpy                            
     00000F6B  __divsuchar                        divmod
     00000F71  __modsuchar                        divmod
     00000F7A  __divuschar                        divmod
     00000F83  __moduschar                        divmod
     00000F8F  __divschar                         divmod
     00000F94  __modschar                         divmod
     00000F9B  __divsint                          divmod
     00000FA4  __modsint                          divmod
     00000FB0  __divuchar                         divmod
     00000FB5  __moduchar                         divmod
     00000FBC  __divuint                          divmod
     00000FC5  __moduint                          divmod
     00000FD1  .div8                              divmod
     00000FD1  .mod8                              divmod
     00000FD9  .div16                             divmod
     00000FD9  .mod16                             divmod
     0000100F  .divu8                             divmod
     0000100F  .modu8                             divmod
     00001012  .divu16                            divmod
     00001012  .modu16                            divmod
ASxxxx Linker V03.00/V05.40 + sdld,  page 17.
Hexadecimal  [32-Bits]

Area                                    Addr        Size        Decimal Bytes (Attributes)
--------------------------------        ----        ----        ------- ----- ------------
_HEADER0                            00000000    00000001 =           1. bytes (ABS,CON)

      Value  Global                              Global Defined In Module
      -----  --------------------------------   ------------------------
     00000020  .call_hl                           Runtime

ASxxxx Linker V03.00/V05.40 + sdld,  page 18.
Hexadecimal  [32-Bits]

Area                                    Addr        Size        Decimal Bytes (Attributes)
--------------------------------        ----        ----        ------- ----- ------------
_HEADER1                            00000000    00000005 =           5. bytes (ABS,CON)

      Value  Global                              Global Defined In Module
      -----  --------------------------------   ------------------------
     00000028  .MemsetSmall                       Runtime

ASxxxx Linker V03.00/V05.40 + sdld,  page 19.
Hexadecimal  [32-Bits]

Area                                    Addr        Size        Decimal Bytes (Attributes)
--------------------------------        ----        ----        ------- ----- ------------
_HEADER2                            00000000    00000007 =           7. bytes (ABS,CON)

      Value  Global                              Global Defined In Module
      -----  --------------------------------   ------------------------
     00000030  .MemcpySmall                       Runtime

ASxxxx Linker V03.00/V05.40 + sdld,  page 20.
Hexadecimal  [32-Bits]

Area                                    Addr        Size        Decimal Bytes (Attributes)
--------------------------------        ----        ----        ------- ----- ------------
_HEADER3                            00000000    00000008 =           8. bytes (ABS,CON)

      Value  Global                              Global Defined In Module
      -----  --------------------------------   ------------------------
ASxxxx Linker V03.00/V05.40 + sdld,  page 21.
Hexadecimal  [32-Bits]

Area                                    Addr        Size        Decimal Bytes (Attributes)
--------------------------------        ----        ----        ------- ----- ------------
_HEADER4                            00000000    00000060 =          96. bytes (ABS,CON)

      Value  Global                              Global Defined In Module
      -----  --------------------------------   ------------------------
     00000080  .int                               Runtime
     0000008F  _wait_int_handler                  Runtime
     0000009C  __standard_VBL_handler             Runtime
     000000AB  _refresh_OAM                       Runtime
     000000CC  _set_interrupts                    Runtime

ASxxxx Linker V03.00/V05.40 + sdld,  page 22.
Hexadecimal  [32-Bits]

Area                                    Addr        Size        Decimal Bytes (Attributes)
--------------------------------        ----        ----        ------- ----- ------------
_HEADER5                            00000000    00000001 =           1. bytes (ABS,CON)

      Value  Global                              Global Defined In Module
      -----  --------------------------------   ------------------------
ASxxxx Linker V03.00/V05.40 + sdld,  page 23.
Hexadecimal  [32-Bits]

Area                                    Addr        Size        Decimal Bytes (Attributes)
--------------------------------        ----        ----        ------- ----- ------------
_HEADER6                            00000000    00000002 =           2. bytes (ABS,CON)

      Value  Global                              Global Defined In Module
      -----  --------------------------------   ------------------------
ASxxxx Linker V03.00/V05.40 + sdld,  page 24.
Hexadecimal  [32-Bits]

Area                                    Addr        Size        Decimal Bytes (Attributes)
--------------------------------        ----        ----        ------- ----- ------------
_HEADER7                            00000000    00000030 =          48. bytes (ABS,CON)

      Value  Global                              Global Defined In Module
      -----  --------------------------------   ------------------------
ASxxxx Linker V03.00/V05.40 + sdld,  page 25.
Hexadecimal  [32-Bits]

Area                                    Addr        Size        Decimal Bytes (Attributes)
--------------------------------        ----        ----        ------- ----- ------------
_HEADER8                            00000000    00000006 =           6. bytes (ABS,CON)

      Value  Global                              Global Defined In Module
      -----  --------------------------------   ------------------------
ASxxxx Linker V03.00/V05.40 + sdld,  page 26.
Hexadecimal  [32-Bits]

Area                                    Addr        Size        Decimal Bytes (Attributes)
--------------------------------        ----        ----        ------- ----- ------------
_HEADER9                            00000000    00000003 =           3. bytes (ABS,CON)

      Value  Global                              Global Defined In Module
      -----  --------------------------------   ------------------------
ASxxxx Linker V03.00/V05.40 + sdld,  page 27.
Hexadecimal  [32-Bits]

Area                                    Addr        Size        Decimal Bytes (Attributes)
--------------------------------        ----        ----        ------- ----- ------------
_HEADERa                            00000000    00000001 =           1. bytes (ABS,CON)

      Value  Global                              Global Defined In Module
      -----  --------------------------------   ------------------------
ASxxxx Linker V03.00/V05.40 + sdld,  page 28.
Hexadecimal  [32-Bits]

Area                                    Addr        Size        Decimal Bytes (Attributes)
--------------------------------        ----        ----        ------- ----- ------------
_HEADERb                            00000000    00000001 =           1. bytes (ABS,CON)

      Value  Global                              Global Defined In Module
      -----  --------------------------------   ------------------------
ASxxxx Linker V03.00/V05.40 + sdld,  page 29.
Hexadecimal  [32-Bits]

Area                                    Addr        Size        Decimal Bytes (Attributes)
--------------------------------        ----        ----        ------- ----- ------------
_HEADERc                            00000000    00000001 =           1. bytes (ABS,CON)

      Value  Global                              Global Defined In Module
      -----  --------------------------------   ------------------------
ASxxxx Linker V03.00/V05.40 + sdld,  page 30.
Hexadecimal  [32-Bits]

Area                                    Addr        Size        Decimal Bytes (Attributes)
--------------------------------        ----        ----        ------- ----- ------------
_HEADERd                            00000000    00000002 =           2. bytes (ABS,CON)

      Value  Global                              Global Defined In Module
      -----  --------------------------------   ------------------------
ASxxxx Linker V03.00/V05.40 + sdld,  page 31.
Hexadecimal  [32-Bits]

Area                                    Addr        Size        Decimal Bytes (Attributes)
--------------------------------        ----        ----        ------- ----- ------------
_HEADERe                            00000000    00000001 =           1. bytes (ABS,CON)

      Value  Global                              Global Defined In Module
      -----  --------------------------------   ------------------------
ASxxxx Linker V03.00/V05.40 + sdld,  page 32.
Hexadecimal  [32-Bits]

Area                                    Addr        Size        Decimal Bytes (Attributes)
--------------------------------        ----        ----        ------- ----- ------------
_HEADERf                            00000000    00000001 =           1. bytes (ABS,CON)

      Value  Global                              Global Defined In Module
      -----  --------------------------------   ------------------------
ASxxxx Linker V03.00/V05.40 + sdld,  page 33.
Hexadecimal  [32-Bits]

Area                                    Addr        Size        Decimal Bytes (Attributes)
--------------------------------        ----        ----        ------- ----- ------------
_HEADER10                           00000000    00000002 =           2. bytes (ABS,CON)

      Value  Global                              Global Defined In Module
      -----  --------------------------------   ------------------------
ASxxxx Linker V03.00/V05.40 + sdld,  page 34.
Hexadecimal  [32-Bits]

Area                                    Addr        Size        Decimal Bytes (Attributes)
--------------------------------        ----        ----        ------- ----- ------------
_HEADER11                           00000000    000000AB =         171. bytes (ABS,CON)

      Value  Global                              Global Defined In Module
      -----  --------------------------------   ------------------------
     00000150  .reset                             Runtime
     00000150  _reset                             Runtime
     00000157  .code_start                        Runtime
     000001B9  _exit                              Runtime
     000001BD  .wait_vbl_done                     Runtime
     000001BD  _vsync                             Runtime
     000001BD  _wait_vbl_done                     Runtime
     000001CD  .remove_VBL                        Runtime
     000001CD  _remove_VBL                        Runtime
     000001D0  .remove_int                        Runtime
     000001ED  .add_VBL                           Runtime
     000001ED  _add_VBL                           Runtime
     000001F0  .add_int                           Runtime

ASxxxx Linker V03.00/V05.40 + sdld,  page 35.
Hexadecimal  [32-Bits]

Area                                    Addr        Size        Decimal Bytes (Attributes)
--------------------------------        ----        ----        ------- ----- ------------
_HOME                               00001052    00002D8E =       11662. bytes (REL,CON)

      Value  Global                              Global Defined In Module
      -----  --------------------------------   ------------------------
     00001052  .memset_simple                     Runtime
     0000105B  .memcpy_simple                     Runtime
     00001078  .display_off                       Runtime
     00001078  _display_off                       Runtime
     00001090  _actors_update                     actor
     000014BF  _SetBankedBkgData                  bankdata
     000014DB  _SetBankedSpriteData               bankdata
     000014F7  _SetBankedBkgTiles                 bankdata
     00001513  _SetBankedWinTiles                 bankdata
     0000152F  _ReadBankedFarPtr                  bankdata
     00001551  _ReadBankedUWORD                   bankdata
     0000156B  _MemcpyBanked                      bankdata
     0000158D  _MemcpyVRAMBanked                  bankdata
     000015BC  _IndexOfFarPtr                     bankdata
     00001655  _camera_update                     camera
     0000179E  _load_animations                   data_manager
     000017FB  _events_update                     events
     000018CF  _timers_update                     events
     000019C5  _input_update                      input
     000019E8  .sio_ISR                           
     00001A42  .timer_ISR                         
     00001A57  _simple_LCD_isr                    interrupts
     00001AD6  _fullscreen_LCD_isr                interrupts
     00001B02  _VBL_isr                           interrupts
     00001B4C  _isqrt                             math
     00001BA9  _sine_wave                         math
     00001CA9  _dir_lookup                        math
     00001CB1  _dir_angle_lookup                  math
     00001CB5  _hUGETrackerRoutine                music_manager
     00001CDC  _music_events_update               music_manager
     00001D57  _music_play_isr                    music_manager
     00001DF8  _parallax_LCD_isr                  parallax
     00001E35  _projectiles_update                projectiles
     00002311  _projectiles_render                projectiles
     0000247D  _scroll_load_pending_row           scroll
     000024CB  _scroll_load_row                   scroll
     0000250B  _scroll_load_col                   scroll
     00002540  _scroll_load_pending_col           scroll
     0000258F  _set_bkg_submap                    
     000025D2  _set_xy_win_submap                 
     000025FF  .set_xy_win_submap                 
     00002608  .set_xy_bkg_submap                 
     00002617  .set_xy_submap                     
     00002663  _sfx_play_isr                      sfx_player
     0000273C  _on_SIO_receive                    sio
     0000277D  _SIO_update                        sio
     000027E4  _ui_update                         ui
     00002933  _vm_sgb_transfer                   vm_sgb
     00002980  _vm_load_text                      vm_ui
     00002BE8  _vm_switch                         vm
ASxxxx Linker V03.00/V05.40 + sdld,  page 36.
Hexadecimal  [32-Bits]

Area                                    Addr        Size        Decimal Bytes (Attributes)
--------------------------------        ----        ----        ------- ----- ------------
_HOME                               00001052    00002D8E =       11662. bytes (REL,CON)

      Value  Global                              Global Defined In Module
      -----  --------------------------------   ------------------------
     00002D19  _vm_beginthread                    vm
     00002E3D  _vm_rpn                            vm
     00003855  _vm_get_far                        vm
     000038C3  _vm_call_native                    vm
     000038D6  _VM_STEP                           vm
     00003940  _script_runner_update              vm
     00003AC1  _fill_win_rect                     
     00003AD3  _rand                              
     00003AD3  _randw                             
     00003AFE  _initrand                          
     00003B00  .initrand                          
     00003B09  _get_bkg_data                      
     00003B09  _get_win_data                      
     00003B56  _get_sprite_data                   
     00003B89  _abs                               abs
     00003B96  _set_win_tiles                     
     00003BAA  _set_tile_data                     
     00003BAF  _set_bkg_data                      
     00003BAF  _set_win_data                      
     00003BB7  _set_sprite_data                   
     00003BE7  _reverse                           reverse
     00003C1B  ___call__banked                    far_ptr
     00003C38  _to_far_ptr                        far_ptr
     00003C6E  .add_LCD                           
     00003C6E  _add_LCD                           
     00003C74  .remove_LCD                        
     00003C74  _remove_LCD                        
     00003C7A  .fill_rect_wtt                     
     00003C83  .fill_rect_btt                     
     00003CD0  _fill_bkg_rect                     
     00003CE2  .padup                             
     00003CE2  _waitpadup                         
     00003CF2  .jpad                              
     00003CF2  _joypad                            
     00003D1A  _waitpad                           
     00003D1B  .wait_pad                          
     00003D22  ___sdcc_call_hl                    call_hl
     00003D23  _memset                            memset
     00003D56  .set_xy_wtt                        SetTileMap
     00003D5F  .set_xy_btt                        SetTileMap
     00003D6E  .set_xy_tt                         SetTileMap
     00003DB2  ___sdcc_bcall_ehl                  
     00003DCC  _set_bkg_tiles                     
ASxxxx Linker V03.00/V05.40 + sdld,  page 37.
Hexadecimal  [32-Bits]

Area                                    Addr        Size        Decimal Bytes (Attributes)
--------------------------------        ----        ----        ------- ----- ------------
_INITIALIZER                        00003DE0    00000019 =          25. bytes (REL,CON)

      Value  Global                              Global Defined In Module
      -----  --------------------------------   ------------------------
ASxxxx Linker V03.00/V05.40 + sdld,  page 38.
Hexadecimal  [32-Bits]

Area                                    Addr        Size        Decimal Bytes (Attributes)
--------------------------------        ----        ----        ------- ----- ------------
_GSINIT                             00003DF9    00000027 =          39. bytes (REL,CON)

      Value  Global                              Global Defined In Module
      -----  --------------------------------   ------------------------
     00003DF9  gsinit                             Runtime

ASxxxx Linker V03.00/V05.40 + sdld,  page 39.
Hexadecimal  [32-Bits]

Area                                    Addr        Size        Decimal Bytes (Attributes)
--------------------------------        ----        ----        ------- ----- ------------
_GSFINAL                            00003E20    00000001 =           1. bytes (REL,CON)

      Value  Global                              Global Defined In Module
      -----  --------------------------------   ------------------------
ASxxxx Linker V03.00/V05.40 + sdld,  page 40.
Hexadecimal  [32-Bits]

Area                                    Addr        Size        Decimal Bytes (Attributes)
--------------------------------        ----        ----        ------- ----- ------------
_DATA                               0000C0A0    00001971 =        6513. bytes (REL,CON)

      Value  Global                              Global Defined In Module
      -----  --------------------------------   ------------------------
     0000C0A0  __cpu                              Runtime
     0000C0A1  __is_GBA                           Runtime
     0000C0A2  .mode                              Runtime
     0000C0A3  .sys_time                          Runtime
     0000C0A3  _sys_time                          Runtime
     0000C0A5  .int_0x40                          Runtime
     0000C0B1  _actors                            actor
     0000C4F5  _actors_active_head                actor
     0000C4F7  _actors_active_tail                actor
     0000C4F9  _actors_inactive_head              actor
     0000C4FB  _screen_x                          actor
     0000C4FC  _screen_y                          actor
     0000C4FD  _invalid                           actor
     0000C4FF  _player_moving                     actor
     0000C500  _player_iframes                    actor
     0000C501  _player_collision_actor            actor
     0000C503  _emote_actor                       actor
     0000C505  _emote_timer                       actor
     0000C506  _allocated_sprite_tiles            actor
     0000C507  _allocated_hardware_sprites        actor
     0000C514  _camera_x                          camera
     0000C516  _camera_y                          camera
     0000C518  _camera_offset_x                   camera
     0000C519  _camera_offset_y                   camera
     0000C51A  _camera_deadzone_x                 camera
     0000C51B  _camera_deadzone_y                 camera
     0000C51C  _camera_settings                   camera
     0000C520  _current_scene                     data_manager
     0000C523  _image_bank                        data_manager
     0000C524  _image_ptr                         data_manager
     0000C526  _image_attr_bank                   data_manager
     0000C527  _image_attr_ptr                    data_manager
     0000C529  _collision_bank                    data_manager
     0000C52A  _collision_ptr                     data_manager
     0000C52C  _image_tile_width                  data_manager
     0000C52D  _image_tile_height                 data_manager
     0000C52E  _image_width                       data_manager
     0000C530  _image_height                      data_manager
     0000C532  _sprites_len                       data_manager
     0000C533  _actors_len                        data_manager
     0000C534  _projectiles_len                   data_manager
     0000C535  _player_sprite_len                 data_manager
     0000C536  _scene_type                        data_manager
     0000C537  _scene_LCD_type                    data_manager
     0000C538  _scene_stack                       data_manager
     0000C578  _scene_stack_ptr                   data_manager
     0000C57A  _scene_sprites_base_tiles          data_manager
     0000C5BA  _input_events                      events
     0000C5E2  _input_slots                       events
     0000C5EA  _timer_events                      events
ASxxxx Linker V03.00/V05.40 + sdld,  page 41.
Hexadecimal  [32-Bits]

Area                                    Addr        Size        Decimal Bytes (Attributes)
--------------------------------        ----        ----        ------- ----- ------------
_DATA                               0000C0A0    00001971 =        6513. bytes (REL,CON)

      Value  Global                              Global Defined In Module
      -----  --------------------------------   ------------------------
     0000C5FE  _timer_values                      events
     0000C606  _fade_running                      fade_manager
     0000C607  _fade_frames_per_step              fade_manager
     0000C608  _fade_timer                        fade_manager
     0000C610  _joypads                           input
     0000C615  _frame_joy                         input
     0000C616  _last_joy                          input
     0000C617  _recent_joy                        input
     0000C618  _SIO_status                        
     0000C619  _link_byte_sent                    
     0000C61A  _link_next_mode                    
     0000C61B  _save_blob_size                    load_save
     0000C61D  _routine_queue                     music_manager
     0000C621  _routine_queue_head                music_manager
     0000C622  _routine_queue_tail                music_manager
     0000C623  _music_events                      music_manager
     0000C637  _music_current_track_bank          music_manager
     0000C638  _music_mute_mask                   music_manager
     0000C639  _music_effective_mute              music_manager
     0000C63A  _music_next_track                  music_manager
     0000C63C  _music_current_track               music_manager
     0000C63E  _music_play_isr_counter            music_manager
     0000C63F  _music_play_isr_pause              music_manager
     0000C640  _music_global_mute_mask            music_manager
     0000C641  _music_sfx_priority                music_manager
     0000C642  _DMG_palette                       palette
     0000C645  _SprPalette                        palette
     0000C685  _parallax_rows                     parallax
     0000C697  _parallax_row                      parallax
     0000C699  _projectiles                       projectiles
     0000C752  _projectile_defs                   projectiles
     0000C7C5  _projectiles_active_head           projectiles
     0000C7C7  _projectiles_inactive_head         projectiles
     0000C7CE  _scroll_x                          scroll
     0000C7D0  _scroll_y                          scroll
     0000C7D2  _draw_scroll_x                     scroll
     0000C7D4  _draw_scroll_y                     scroll
     0000C7D6  _scroll_x_max                      scroll
     0000C7D8  _scroll_y_max                      scroll
     0000C7DA  _scroll_offset_x                   scroll
     0000C7DB  _scroll_offset_y                   scroll
     0000C7DC  _pending_h_x                       scroll
     0000C7DD  _pending_h_y                       scroll
     0000C7DE  _pending_h_i                       scroll
     0000C7DF  _pending_w_x                       scroll
     0000C7E0  _pending_w_y                       scroll
     0000C7E1  _pending_w_i                       scroll
     0000C7E2  _current_row                       scroll
     0000C7E4  _new_row                           scroll
     0000C7E6  _current_col                       scroll
     0000C7E8  _new_col                           scroll
ASxxxx Linker V03.00/V05.40 + sdld,  page 42.
Hexadecimal  [32-Bits]

Area                                    Addr        Size        Decimal Bytes (Attributes)
--------------------------------        ----        ----        ------- ----- ------------
_DATA                               0000C0A0    00001971 =        6513. bytes (REL,CON)

      Value  Global                              Global Defined In Module
      -----  --------------------------------   ------------------------
     0000C7EA  .image_tile_width                  
     0000C7EB  _sfx_play_bank                     sfx_player
     0000C7EC  _sfx_play_sample                   sfx_player
     0000C7EE  _sfx_frame_skip                    sfx_player
     0000C7EF  _link_operation_mode               sio
     0000C7F0  _link_packet                       sio
     0000C810  _link_packet_len                   sio
     0000C811  _link_packet_ptr                   sio
     0000C813  _link_packet_received              sio
     0000C814  _link_packet_snd_len               sio
     0000C815  _link_packet_snd_ptr               sio
     0000C817  _link_packet_sent                  sio
     0000C818  __is_CGB                           system
     0000C819  __is_SGB                           system
     0000C81A  __current_ram_bank                 system
     0000C81B  _triggers                          trigger
     0000C913  _last_trigger_tx                   trigger
     0000C914  _last_trigger_ty                   trigger
     0000C915  _last_trigger                      trigger
     0000C916  _win_pos_x                         ui
[...]
C:/Users/retro/AppData/Local/Temp/_gbsbuild/obj/scene_16_collisions.rel
                                          [ scene_16_collisions ]
C:/Users/retro/AppData/Local/Temp/_gbsbuild/obj/scene_16_init.rel
                                          [ scene_16_init ]
C:/Users/retro/AppData/Local/Temp/_gbsbuild/obj/scene_16_projectiles.rel
                                          [ scene_16_projectiles ]
C:/Users/retro/AppData/Local/Temp/_gbsbuild/obj/scene_16_sprites.rel
                                          [ scene_16_sprites ]
C:/Users/retro/AppData/Local/Temp/_gbsbuild/obj/scene_16.rel
                                          [ scene_16 ]
C:/Users/retro/AppData/Local/Temp/_gbsbuild/obj/scene_17_actors.rel
                                          [ scene_17_actors ]
C:/Users/retro/AppData/Local/Temp/_gbsbuild/obj/scene_17_collisions.rel
                                          [ scene_17_collisions ]
C:/Users/retro/AppData/Local/Temp/_gbsbuild/obj/scene_17_init.rel
                                          [ scene_17_init ]
C:/Users/retro/AppData/Local/Temp/_gbsbuild/obj/scene_17_projectiles.rel
                                          [ scene_17_projectiles ]
C:/Users/retro/AppData/Local/Temp/_gbsbuild/obj/scene_17_sprites.rel
                                          [ scene_17_sprites ]
C:/Users/retro/AppData/Local/Temp/_gbsbuild/obj/scene_17.rel
                                          [ scene_17 ]
C:/Users/retro/AppData/Local/Temp/_gbsbuild/obj/scene_19_actors.rel
                                          [ scene_19_actors ]
C:/Users/retro/AppData/Local/Temp/_gbsbuild/obj/scene_19_collisions.rel
                                          [ scene_19_collisions ]
C:/Users/retro/AppData/Local/Temp/_gbsbuild/obj/scene_19_init.rel
                                          [ scene_19_init ]
C:/Users/retro/AppData/Local/Temp/_gbsbuild/obj/scene_19_projectiles.rel
                                          [ scene_19_projectiles ]
C:/Users/retro/AppData/Local/Temp/_gbsbuild/obj/scene_19_sprites.rel
                                          [ scene_19_sprites ]
C:/Users/retro/AppData/Local/Temp/_gbsbuild/obj/scene_19.rel
                                          [ scene_19 ]
C:/Users/retro/AppData/Local/Temp/_gbsbuild/obj/scene_6_actors.rel
                                          [ scene_6_actors ]
C:/Users/retro/AppData/Local/Temp/_gbsbuild/obj/scene_6_collisions.rel
                                          [ scene_6_collisions ]
C:/Users/retro/AppData/Local/Temp/_gbsbuild/obj/scene_6_init.rel
                                          [ scene_6_init ]
C:/Users/retro/AppData/Local/Temp/_gbsbuild/obj/scene_6_projectiles.rel
                                          [ scene_6_projectiles ]
C:/Users/retro/AppData/Local/Temp/_gbsbuild/obj/scene_6_sprites.rel
                                          [ scene_6_sprites ]
C:/Users/retro/AppData/Local/Temp/_gbsbuild/obj/scene_6.rel
                                          [ scene_6 ]
C:/Users/retro/AppData/Local/Temp/_gbsbuild/obj/scene_7_actors.rel
                                          [ scene_7_actors ]
C:/Users/retro/AppData/Local/Temp/_gbsbuild/obj/scene_7_collisions.rel
                                          [ scene_7_collisions ]
C:/Users/retro/AppData/Local/Temp/_gbsbuild/obj/scene_7_init.rel
                                          [ scene_7_init ]
C:/Users/retro/AppData/Local/Temp/_gbsbuild/obj/scene_7_projectiles.rel
                                          [ scene_7_projectiles ]
C:/Users/retro/AppData/Local/Temp/_gbsbuild/obj/scene_7_sprites.rel
                                          [ scene_7_sprites ]
C:/Users/retro/AppData/Local/Temp/_gbsbuild/obj/scene_7.rel
                                          [ scene_7 ]
C:/Users/retro/AppData/Local/Temp/_gbsbuild/obj/scene_8_collisions.rel
                                          [ scene_8_collisions ]
C:/Users/retro/AppData/Local/Temp/_gbsbuild/obj/scene_8_init.rel
                                          [ scene_8_init ]
C:/Users/retro/AppData/Local/Temp/_gbsbuild/obj/scene_8_triggers.rel
                                          [ scene_8_triggers ]
C:/Users/retro/AppData/Local/Temp/_gbsbuild/obj/scene_8.rel
                                          [ scene_8 ]
C:/Users/retro/AppData/Local/Temp/_gbsbuild/obj/scene_9_actors.rel
                                          [ scene_9_actors ]
C:/Users/retro/AppData/Local/Temp/_gbsbuild/obj/scene_9_collisions.rel
                                          [ scene_9_collisions ]
C:/Users/retro/AppData/Local/Temp/_gbsbuild/obj/scene_9_init.rel
                                          [ scene_9_init ]
C:/Users/retro/AppData/Local/Temp/_gbsbuild/obj/scene_9_projectiles.rel
                                          [ scene_9_projectiles ]
C:/Users/retro/AppData/Local/Temp/_gbsbuild/obj/scene_9_sprites.rel
                                          [ scene_9_sprites ]
C:/Users/retro/AppData/Local/Temp/_gbsbuild/obj/scene_9.rel
                                          [ scene_9 ]
C:/Users/retro/AppData/Local/Temp/_gbsbuild/obj/scene_logo_collisions.rel
                                          [ scene_logo_collisions ]
C:/Users/retro/AppData/Local/Temp/_gbsbuild/obj/scene_logo_init.rel
                                          [ scene_logo_init ]
C:/Users/retro/AppData/Local/Temp/_gbsbuild/obj/scene_logo.rel
                                          [ scene_logo ]
C:/Users/retro/AppData/Local/Temp/_gbsbuild/obj/scene_title_screen_collisions.rel
                                          [ scene_title_screen_collisions ]
C:/Users/retro/AppData/Local/Temp/_gbsbuild/obj/scene_title_screen_init.rel
                                          [ scene_title_screen_init ]
C:/Users/retro/AppData/Local/Temp/_gbsbuild/obj/scene_title_screen.rel
                                          [ scene_title_screen ]
C:/Users/retro/AppData/Local/Temp/_gbsbuild/obj/script_engine_init.rel
                                          [  ]
C:/Users/retro/AppData/Local/Temp/_gbsbuild/obj/script_input_0.rel
                                          [ script_input_0 ]
C:/Users/retro/AppData/Local/Temp/_gbsbuild/obj/script_input_1.rel
                                          [ script_input_1 ]
C:/Users/retro/AppData/Local/Temp/_gbsbuild/obj/script_input_10.rel
                                          [ script_input_10 ]
C:/Users/retro/AppData/Local/Temp/_gbsbuild/obj/script_input_13.rel
                                          [ script_input_13 ]
C:/Users/retro/AppData/Local/Temp/_gbsbuild/obj/script_input_14.rel
                                          [ script_input_14 ]
C:/Users/retro/AppData/Local/Temp/_gbsbuild/obj/script_input_17.rel
                                          [ script_input_17 ]
C:/Users/retro/AppData/Local/Temp/_gbsbuild/obj/script_input_18.rel
                                          [ script_input_18 ]
C:/Users/retro/AppData/Local/Temp/_gbsbuild/obj/script_input_2.rel
                                          [ script_input_2 ]
C:/Users/retro/AppData/Local/Temp/_gbsbuild/obj/script_input_21.rel
                                          [ script_input_21 ]
C:/Users/retro/AppData/Local/Temp/_gbsbuild/obj/script_input_22.rel
                                          [ script_input_22 ]
C:/Users/retro/AppData/Local/Temp/_gbsbuild/obj/script_input_25.rel
                                          [ script_input_25 ]
C:/Users/retro/AppData/Local/Temp/_gbsbuild/obj/script_input_26.rel
                                          [ script_input_26 ]
C:/Users/retro/AppData/Local/Temp/_gbsbuild/obj/script_input_29.rel
                                          [ script_input_29 ]
C:/Users/retro/AppData/Local/Temp/_gbsbuild/obj/script_input_30.rel
                                          [ script_input_30 ]
C:/Users/retro/AppData/Local/Temp/_gbsbuild/obj/script_input_33.rel
                                          [ script_input_33 ]
C:/Users/retro/AppData/Local/Temp/_gbsbuild/obj/script_input_34.rel
                                          [ script_input_34 ]
C:/Users/retro/AppData/Local/Temp/_gbsbuild/obj/script_input_37.rel
                                          [ script_input_37 ]
C:/Users/retro/AppData/Local/Temp/_gbsbuild/obj/script_input_38.rel
                                          [ script_input_38 ]
C:/Users/retro/AppData/Local/Temp/_gbsbuild/obj/script_input_41.rel
                                          [ script_input_41 ]
C:/Users/retro/AppData/Local/Temp/_gbsbuild/obj/script_input_42.rel
                                          [ script_input_42 ]
C:/Users/retro/AppData/Local/Temp/_gbsbuild/obj/script_input_45.rel
                                          [ script_input_45 ]
C:/Users/retro/AppData/Local/Temp/_gbsbuild/obj/script_input_46.rel
                                          [ script_input_46 ]
C:/Users/retro/AppData/Local/Temp/_gbsbuild/obj/script_input_5.rel
                                          [ script_input_5 ]
C:/Users/retro/AppData/Local/Temp/_gbsbuild/obj/script_input_6.rel
                                          [ script_input_6 ]
C:/Users/retro/AppData/Local/Temp/_gbsbuild/obj/script_input_9.rel
                                          [ script_input_9 ]
C:/Users/retro/AppData/Local/Temp/_gbsbuild/obj/script_input.rel
                                          [ script_input ]
C:/Users/retro/AppData/Local/Temp/_gbsbuild/obj/sound_click_vgm.rel
                                          [ sound_click_vgm ]
C:/Users/retro/AppData/Local/Temp/_gbsbuild/obj/sound_powerup_vgm.rel
                                          [ sound_powerup_vgm ]
C:/Users/retro/AppData/Local/Temp/_gbsbuild/obj/sprite_11x2.rel
                                          [ sprite_11x2 ]
C:/Users/retro/AppData/Local/Temp/_gbsbuild/obj/sprite_1x2.rel
                                          [ sprite_1x2 ]
C:/Users/retro/AppData/Local/Temp/_gbsbuild/obj/sprite_2x10.rel
                                          [ sprite_2x10 ]
C:/Users/retro/AppData/Local/Temp/_gbsbuild/obj/sprite_2x12.rel
                                          [ sprite_2x12 ]
C:/Users/retro/AppData/Local/Temp/_gbsbuild/obj/sprite_2x2.rel
                                          [ sprite_2x2 ]
C:/Users/retro/AppData/Local/Temp/_gbsbuild/obj/sprite_2x4.rel
                                          [ sprite_2x4 ]
C:/Users/retro/AppData/Local/Temp/_gbsbuild/obj/sprite_2x7.rel
                                          [ sprite_2x7 ]
C:/Users/retro/AppData/Local/Temp/_gbsbuild/obj/sprite_2x8.rel
                                          [ sprite_2x8 ]
C:/Users/retro/AppData/Local/Temp/_gbsbuild/obj/sprite_3x2.rel
                                          [ sprite_3x2 ]
C:/Users/retro/AppData/Local/Temp/_gbsbuild/obj/sprite_3x8.rel
                                          [ sprite_3x8 ]
C:/Users/retro/AppData/Local/Temp/_gbsbuild/obj/sprite_4x2.rel
                                          [ sprite_4x2 ]
C:/Users/retro/AppData/Local/Temp/_gbsbuild/obj/sprite_4x4.rel
                                          [ sprite_4x4 ]
C:/Users/retro/AppData/Local/Temp/_gbsbuild/obj/sprite_7x2.rel
                                          [ sprite_7x2 ]
C:/Users/retro/AppData/Local/Temp/_gbsbuild/obj/sprite_8x2.rel
                                          [ sprite_8x2 ]
C:/Users/retro/AppData/Local/Temp/_gbsbuild/obj/sprite_bullet_tileset.rel
                                          [ sprite_bullet_tileset ]
C:/Users/retro/AppData/Local/Temp/_gbsbuild/obj/sprite_bullet.rel
                                          [ sprite_bullet ]
C:/Users/retro/AppData/Local/Temp/_gbsbuild/obj/sprite_cursor_tileset.rel
                                          [ sprite_cursor_tileset ]
C:/Users/retro/AppData/Local/Temp/_gbsbuild/obj/sprite_cursor.rel
                                          [ sprite_cursor ]
C:/Users/retro/AppData/Local/Temp/_gbsbuild/obj/sprite_negative_crate_tileset.rel
                                          [ sprite_negative_crate_tileset ]
C:/Users/retro/AppData/Local/Temp/_gbsbuild/obj/sprite_negative_crate.rel
                                          [ sprite_negative_crate ]
C:/Users/retro/AppData/Local/Temp/_gbsbuild/obj/sprite_obj_neg_1_tileset.rel
                                          [ sprite_obj_neg_1_tileset ]
C:/Users/retro/AppData/Local/Temp/_gbsbuild/obj/sprite_obj_neg_1.rel
                                          [ sprite_obj_neg_1 ]
C:/Users/retro/AppData/Local/Temp/_gbsbuild/obj/sprite_obj_neg_2_tileset.rel
                                          [ sprite_obj_neg_2_tileset ]
C:/Users/retro/AppData/Local/Temp/_gbsbuild/obj/sprite_obj_neg_2.rel
                                          [ sprite_obj_neg_2 ]
C:/Users/retro/AppData/Local/Temp/_gbsbuild/obj/sprite_obj_pos_1_tileset.rel
                                          [ sprite_obj_pos_1_tileset ]
C:/Users/retro/AppData/Local/Temp/_gbsbuild/obj/sprite_obj_pos_1.rel
                                          [ sprite_obj_pos_1 ]
C:/Users/retro/AppData/Local/Temp/_gbsbuild/obj/sprite_obj_pos_2_tileset.rel
                                          [ sprite_obj_pos_2_tileset ]
C:/Users/retro/AppData/Local/Temp/_gbsbuild/obj/sprite_obj_pos_2.rel
                                          [ sprite_obj_pos_2 ]
C:/Users/retro/AppData/Local/Temp/_gbsbuild/obj/sprite_positive_crate_tileset.rel
                                          [ sprite_positive_crate_tileset ]
C:/Users/retro/AppData/Local/Temp/_gbsbuild/obj/sprite_positive_crate.rel
                                          [ sprite_positive_crate ]
C:/Users/retro/AppData/Local/Temp/_gbsbuild/obj/sprite_spritesheet_4_9_25_1_tileset.rel
                                          [ sprite_spritesheet_4_9_25_1_tile ]
C:/Users/retro/AppData/Local/Temp/_gbsbuild/obj/sprite_spritesheet_4_9_25_1.rel
                                          [ sprite_spritesheet_4_9_25_1 ]
C:/Users/retro/AppData/Local/Temp/_gbsbuild/obj/spritesheet_none.rel
                                          [ spritesheet_none ]
C:/Users/retro/AppData/Local/Temp/_gbsbuild/obj/tileset_default_frame.rel
                                          [ tileset_default_frame ]
C:/Users/retro/AppData/Local/Temp/_gbsbuild/obj/trigger_0_interact.rel
                                          [ trigger_0_interact ]
C:/Users/retro/AppData/Local/Temp/_gbsbuild/obj/trigger_1_interact.rel
                                          [ trigger_1_interact ]
C:/Users/retro/AppData/Local/Temp/_gbsbuild/obj/trigger_10_interact.rel
                                          [ trigger_10_interact ]
C:/Users/retro/AppData/Local/Temp/_gbsbuild/obj/trigger_11_interact.rel
                                          [ trigger_11_interact ]
C:/Users/retro/AppData/Local/Temp/_gbsbuild/obj/trigger_2_interact.rel
                                          [ trigger_2_interact ]
C:/Users/retro/AppData/Local/Temp/_gbsbuild/obj/trigger_3_interact.rel
                                          [ trigger_3_interact ]
C:/Users/retro/AppData/Local/Temp/_gbsbuild/obj/trigger_4_interact.rel
                                          [ trigger_4_interact ]
C:/Users/retro/AppData/Local/Temp/_gbsbuild/obj/trigger_5_interact.rel
                                          [ trigger_5_interact ]
C:/Users/retro/AppData/Local/Temp/_gbsbuild/obj/trigger_6_interact.rel
                                          [ trigger_6_interact ]
C:/Users/retro/AppData/Local/Temp/_gbsbuild/obj/trigger_7_interact.rel
                                          [ trigger_7_interact ]
C:/Users/retro/AppData/Local/Temp/_gbsbuild/obj/trigger_8_interact.rel
                                          [ trigger_8_interact ]
C:/Users/retro/AppData/Local/Temp/_gbsbuild/obj/trigger_9_interact.rel
                                          [ trigger_9_interact ]
C:/Users/retro/AppData/Local/Temp/_gbsbuild/obj/main.rel
                                          [ main ]
C:/Users/retro/AppData/Local/Temp/_gbsbuild/obj/logo.rel
                                          [ logo ]
C:/Users/retro/AppData/Local/Temp/_gbsbuild/obj/pointnclick.rel
                                          [ pointnclick ]
C:/Users/retro/AppData/Local/Temp/_gbsbuild/obj/states_ptrs.rel
                                          [  ]
C:/Users/retro/AppData/Local/Temp/_gbsbuild/obj/topdown.rel
                                          [ topdown ]


Libraries Linked                          [ object file ]

C:\Users\retro\AppData\Local\Temp/_gbstools/gbdk/lib/gb/gb.lib
                                          [ fill_rect_wi.o ]
C:\Users\retro\AppData\Local\Temp/_gbstools/gbdk/lib/sm83/sm83.lib
                                          [ rand.o ]
lib/hUGEDriver.lib                        [ hUGEDriver.o ]
C:\Users\retro\AppData\Local\Temp/_gbstools/gbdk/lib/gb/gb.lib
                                          [ sfr.o ]
C:\Users\retro\AppData\Local\Temp/_gbstools/gbdk/lib/gb/gb.lib
                                          [ get_data.o ]
C:\Users\retro\AppData\Local\Temp/_gbstools/gbdk/lib/gb/gb.lib
                                          [ get_tile.o ]
C:\Users\retro\AppData\Local\Temp/_gbstools/gbdk/lib/gb/gb.lib
                                          [ metasprites_hide_spr.o ]
C:\Users\retro\AppData\Local\Temp/_gbstools/gbdk/lib/sm83/sm83.lib
                                          [ mul.o ]
C:\Users\retro\AppData\Local\Temp/_gbstools/gbdk/lib/gb/gb.lib
                                          [ set_tile.o ]
C:\Users\retro\AppData\Local\Temp/_gbstools/gbdk/lib/sm83/sm83.lib
                                          [ abs.o ]
C:\Users\retro\AppData\Local\Temp/_gbstools/gbdk/lib/gb/gb.lib
                                          [ set_wi_t.o ]
C:\Users\retro\AppData\Local\Temp/_gbstools/gbdk/lib/gb/gb.lib
                                          [ set_data.o ]
C:\Users\retro\AppData\Local\Temp/_gbstools/gbdk/lib/sm83/sm83.lib
                                          [ reverse.o ]
C:\Users\retro\AppData\Local\Temp/_gbstools/gbdk/lib/gb/gb.lib
                                          [ far_ptr.o ]
C:\Users\retro\AppData\Local\Temp/_gbstools/gbdk/lib/gb/gb.lib
                                          [ sgb.o ]
C:\Users\retro\AppData\Local\Temp/_gbstools/gbdk/lib/gb/gb.lib
                                          [ lcd.o ]
C:\Users\retro\AppData\Local\Temp/_gbstools/gbdk/lib/gb/gb.lib
                                          [ fill_rect.o ]
C:\Users\retro\AppData\Local\Temp/_gbstools/gbdk/lib/gb/gb.lib
                                          [ cpy_data.o ]
C:\Users\retro\AppData\Local\Temp/_gbstools/gbdk/lib/gb/gb.lib
                                          [ fill_rect_bk.o ]
C:\Users\retro\AppData\Local\Temp/_gbstools/gbdk/lib/gb/gb.lib
                                          [ pad.o ]
C:\Users\retro\AppData\Local\Temp/_gbstools/gbdk/lib/gb/gb.lib
                                          [ metasprites.o ]
C:\Users\retro\AppData\Local\Temp/_gbstools/gbdk/lib/sm83/sm83.lib
                                          [ __sdcc_call_hl.o ]
C:\Users\retro\AppData\Local\Temp/_gbstools/gbdk/lib/sm83/sm83.lib
                                          [ memcpy.o ]
C:\Users\retro\AppData\Local\Temp/_gbstools/gbdk/lib/sm83/sm83.lib
                                          [ _memset.o ]
C:\Users\retro\AppData\Local\Temp/_gbstools/gbdk/lib/gb/gb.lib
                                          [ set_xy_t.o ]
C:\Users\retro\AppData\Local\Temp/_gbstools/gbdk/lib/gb/gb.lib
                                          [ ___sdcc_bcall_ehl.o ]
C:\Users\retro\AppData\Local\Temp/_gbstools/gbdk/lib/sm83/sm83.lib
                                          [ div.o ]
C:\Users\retro\AppData\Local\Temp/_gbstools/gbdk/lib/gb/gb.lib
                                          [ set_bk_t.o ]

ASxxxx Linker V03.00/V05.40 + sdld,  page 150.

User Base Address Definitions

_DATA=0xC0A0
_CODE=0x0200
ASxxxx Linker V03.00/V05.40 + sdld,  page 151.

User Global Definitions

.STACK=0xDF00
_shadow_OAM=0xC000
.refresh_OAM=0xFF80
__start_save=12

